[www.quickmark.co/index.html]
[www.quickmark.co/_next/static/media/03bda585a99c6450-s.p.0zzh68k1_whtc.woff2]
[www.quickmark.co/_next/static/media/051742360c26797e-s.p.0f97p8c3305p_.woff2]
[www.quickmark.co/_next/static/media/3c7c6164b2587822-s.p.0duriy8536ewt.woff2]
[www.quickmark.co/_next/static/media/fba5a26ea33df6a3-s.p.0eehd8tgys7nv.woff2]
[www.quickmark.co/_next/static/chunks/0glr-4isoznw-.css]
[www.quickmark.co/_next/static/chunks/0keg35ni4a29a.css]
[www.quickmark.co/_next/static/chunks/0m97bbjp.vgzu.js]
[www.quickmark.co/_next/static/chunks/0sp4tw6du_w08.js]
[www.quickmark.co/_next/static/chunks/0ykf_o79cvnvq.js]
[www.quickmark.co/_next/static/chunks/16ksa_32zaksw.js]
[www.quickmark.co/_next/static/chunks/128aahewwf1we.js]
[www.quickmark.co/_next/static/chunks/0rwwge57xnfls.js]
[www.quickmark.co/_next/static/chunks/turbopack-15x9e7_s6t9e8.js]
[www.quickmark.co/_next/static/chunks/0x.73w57rn4ou.js]
[www.quickmark.co/_next/static/chunks/0i.l9589uvx0j.js]
[www.quickmark.co/_next/static/chunks/04zfoct3j5y89.js]
[www.quickmark.co/_next/static/chunks/0.mxnrj2bqo1m.js]
[www.quickmark.co/_next/static/chunks/0czxvp465g4zo.js]
[www.quickmark.co/_next/static/chunks/14vg_j4u58w_0.js]
[www.quickmark.co/_next/static/chunks/0yljyrbub7sxi.js]
[www.quickmark.co/_next/static/chunks/13yyj-bdzrdbg.js]
[www.quickmark.co/_next/static/chunks/0r7bep.jrfj-i.js]
[www.quickmark.co/_next/static/chunks/05_lsg4--a-g9.js]
[backblue.gif]
[fade.gif]
[index.html]
[www.quickmark.co/_next/static/chunks/08_otg_p009fp.js]
[www.quickmark.co/manifest.webmanifest]
[www.quickmark.co/favicon.png]
[www.quickmark.co/_next/static/chunks/03_yq9q893hmn.js]
[www.quickmark.co/app/practice.html]
[www.quickmark.co/app/topicals.html]
[www.quickmark.co/partners.html]
[www.quickmark.co/_next/olevels-logo0804.png]
[www.quickmark.co/blog.html]
[www.quickmark.co/about.html]
[www.quickmark.co/help.html]
[www.quickmark.co/contact.html]
[www.quickmark.co/privacy.html]
[www.quickmark.co/terms.html]
[www.quickmark.co/editorial-standards.html]
[www.quickmark.co/og-image.png]
[www.quickmark.co/index.html]
[www.quickmark.co/favicon.svg]
[www.quickmark.co/_next/static/media/0b1dc8ddaa74ba49-s.04o39dzmj.ey..woff2]
[www.quickmark.co/_next/static/media/e629b5bc06499d58-s.0b__8bw_gzh90.woff2]
[www.quickmark.co/_next/static/media/1a099d89ee94ee96-s.0_qb__5cn13jl.woff2]
[www.quickmark.co/_next/static/media/50a3f1070da3c6cc-s.0xr8au8udm.h9.woff2]
[www.quickmark.co/_next/static/media/b887d91685b8c137-s.0z_ry.rim0raw.woff2]
[www.quickmark.co/_next/static/media/1e219c03c996efbd-s.0vlx5hthn2t7i.woff2]
[www.quickmark.co/_next/static/media/b35b0dbffda7f2c4-s.0fu677rwbv-.g.woff2]
[www.quickmark.co/_next/static/media/04c5164763c40239-s.0h-nw9_c8d_-_.woff2]
[www.quickmark.co/_next/static/media/26f284dcc38c84c0-s.10hk62x1-0d9n.woff2]
[www.quickmark.co/_next/static/media/7e7f32a39836f228-s.0bmyfaahigzds.woff2]
[www.quickmark.co/_next/static/media/fa39153a3fc630ba-s.0-0ft90hthv3_.woff2]
[www.quickmark.co/_next/static/media/6a5386fd6038edbe-s.16fk0g_ypa53a.woff2]
[www.quickmark.co/_next/static/chunks/0glr-4isoznw-.css]
[www.quickmark.co/_next/static/chunks/0keg35ni4a29a.css]
[www.quickmark.co/_next/static/chunks/0ykjpscv0w86l.js]
[www.quickmark.co/_next/static/chunks/0vnbmyqj2zp9m.js]
[www.quickmark.co/_next/static/chunks/0vja3gn_b4_bu.js]
[www.quickmark.co/_next/static/chunks/0w7qes2owvez9.js]
[www.quickmark.co/_next/static/chunks/067k08_j-8fzt.js]
[www.quickmark.co/app/practice.html]
[www.quickmark.co/app8432.html]
[www.quickmark.co/app/topicals.html]
[www.quickmark.co/app5ef1.html]
[www.quickmark.co/_next/static/chunks/0_ps1dwh0qton.js]
[www.quickmark.co/_next/olevels-banner077e.png]
[www.quickmark.co/partners.html]
[www.quickmark.co/_next/static/chunks/0cr0_nphndyft.js]
[www.quickmark.co/blog/review-mcq-mark-schemes-efficiently.html]
[www.quickmark.co/blog/reduce-careless-mistakes-mcq-exams.html]
[www.quickmark.co/blog/error-logs-improve-mcq-scores.html]
[www.quickmark.co/blog/last-30-days-igcse-revision-plan.html]
[www.quickmark.co/blog.html]
[www.quickmark.co/blog/14-day-comeback-plan-bad-mock-result.html]
[www.quickmark.co/about.html]
[www.quickmark.co/help.html]
[www.quickmark.co/contact.html]
[www.quickmark.co/privacy.html]
[www.quickmark.co/terms.html]
[www.quickmark.co/editorial-standards.html]
[www.quickmark.co/favicon.svg]
[www.quickmark.co/_next/static/chunks/17hs2rj8te_le.js]
[www.quickmark.co/_next/static/chunks/0krjzyw_1afie.js]
[www.quickmark.co/app8432.html]
[www.quickmark.co/app5ef1.html]
[www.quickmark.co/_next/static/chunks/0x_qxl1.c07w6.js]
[www.quickmark.co/_next/static/chunks/0hq_c-_dp2g_1.js]
[www.quickmark.co/_next/static/chunks/0rc_vfusm81g1.js]
[www.quickmark.co/_next/static/chunks/0r2ecv00prr8j.js]
[www.quickmark.co/_next/static/chunks/0_xmo06-.-u_..js]
[www.quickmark.co/_next/static/chunks/13cc45c1rib6a.js]
[www.quickmark.co/_next/static/chunks/0kpgol-4dgza1.js]
[www.quickmark.co/_next/static/chunks/182rqhn83tp98.js]
[www.quickmark.co/blog/review-mcq-mark-schemes-efficiently.html]
[www.quickmark.co/blog/reduce-careless-mistakes-mcq-exams.html]
[www.quickmark.co/blog/error-logs-improve-mcq-scores.html]
[www.quickmark.co/blog/last-30-days-igcse-revision-plan.html]
[www.quickmark.co/blog/14-day-comeback-plan-bad-mock-result.html]
[www.quickmark.co/_next/static/chunks/0-3hqnbo5raxv.js]
